
Map of Debug\smarthouse.sm8 from link file Debug\smarthouse.lkf - Thu Sep 08 11:59:28 2011


                               --------
                               Segments
                               --------

start 00008080 end 000080cd length    77 segment .const
start 000080d9 end 00008d12 length  3129 segment .text
start 00004000 end 00004000 length     0 segment .eeprom
start 00000000 end 00000000 length     0 segment .bsct
start 00000000 end 0000000a length    10 segment .ubsct
start 0000000a end 0000000a length     0 segment .bit
start 0000000a end 0000000a length     0 segment .share
start 00000100 end 00000104 length     4 segment .data, initialized
start 000080d5 end 000080d9 length     4 segment .data, from
start 00000104 end 0000013a length    54 segment .bss
start 0000013a end 0000013a length     0 segment .iapcode
start 00000000 end 0001402d length 81965 segment .debug
start 00008000 end 00008080 length   128 segment .const
start 000080cd end 000080d5 length     8 segment .init


                               -------
                               Modules
                               -------

C:\Program Files\COSMIC\CXSTM8\Lib\crtsi.sm8:
start 000080d9 end 00008125 length    76 section .text
start 00000104 end 00000104 length     0 section .bss
start 00000000 end 00000000 length     0 section .ubsct

Debug\fctcpy.o:
start ******** end ******** length     0 section .text *** removed ***
start 00000000 end 000000b0 length   176 section .debug

Debug\library.o:
start 00008125 end 0000813d length    24 section .text
start 000000b0 end 00001d0c length  7260 section .debug

Debug\main.o:
start 0000813d end 000081e8 length   171 section .text
start 00000104 end 0000013a length    54 section .bss
start 00001d0c end 00004436 length 10026 section .debug

Debug\stm8_adc.o:
start 000081e8 end 000083a3 length   443 section .text
start 00004436 end 00006210 length  7642 section .debug
start 00008080 end 000080a1 length    33 section .const

Debug\stm8_beep.o:
start 000083a3 end 00008491 length   238 section .text
start 00000100 end 00000102 length     2 section .data
start 00006210 end 00007ed1 length  7361 section .debug

Debug\stm8_can.o:
start 00008491 end 00008941 length  1200 section .text
start 00007ed1 end 0000a0ce length  8701 section .debug
start 000080a1 end 000080cd length    44 section .const

Debug\stm8_flash.o:
start ******** end ******** length     0 section .text *** removed ***
start ******** end ******** length     0 section .bss *** removed ***
start 0000a0ce end 0000c56a length  9372 section .debug
start ******** end ******** length     0 section .iapcode *** removed ***

Debug\stm8_gpio.o:
start 00008941 end 000089d2 length   145 section .text
start 0000c56a end 0000e1b2 length  7240 section .debug

Debug\stm8_it.o:
start 000089d2 end 00008b02 length   304 section .text
start 00000102 end 00000103 length     1 section .data
start 0000e1b2 end 0001059c length  9194 section .debug

Debug\stm8_timer.o:
start 00008b02 end 00008cbb length   441 section .text
start 00000103 end 00000104 length     1 section .data
start 0001059c end 00012331 length  7573 section .debug

(C:\Program Files\COSMIC\CXSTM8\Lib\libm.sm8)xreg.o:
start 00000000 end 00000003 length     3 section .ubsct

(C:\Program Files\COSMIC\CXSTM8\Lib\libm.sm8)yreg.o:
start 00000003 end 00000006 length     3 section .ubsct

(C:\Program Files\COSMIC\CXSTM8\Lib\libm.sm8)lreg.o:
start 00000006 end 0000000a length     4 section .ubsct

(C:\Program Files\COSMIC\CXSTM8\Lib\libm.sm8)jltab.o:
start 00008cbb end 00008ce1 length    38 section .text

(C:\Program Files\COSMIC\CXSTM8\Lib\libm.sm8)lgadc.o:
start 00008ce1 end 00008cf1 length    16 section .text

(C:\Program Files\COSMIC\CXSTM8\Lib\libm.sm8)lglsh.o:
start 00008cf1 end 00008cff length    14 section .text

(C:\Program Files\COSMIC\CXSTM8\Lib\libm.sm8)ltor.o:
start 00008cff end 00008d11 length    18 section .text

Debug\stm8_interrupt_vector.o:
start 00008d11 end 00008d12 length     1 section .text
start 00012331 end 0001402d length  7420 section .debug
start 00008000 end 00008080 length   128 section .const


                             -----------
                             Stack usage
                             -----------

Debug\library.o:
f_Delay                                 4   (4)

Debug\main.o:
f_HardwareInit                          6   (2)
f_InterruptInit                         2   (2)
f_SysClkInit                            2   (2)
f_VariableInit                          2   (2)
f_main                             >   15   (2)

Debug\stm8_adc.o:
f_ADCInit                          >    2   (2)
f_ADC_10BIT                        >   11   (7)
f_ADC_8BIT                              9   (5)
f_Key_Scan_AD                          13   (4)

Debug\stm8_beep.o:
f_BeepInit                              2   (2)
f_BeepManage                            2   (2)

Debug\stm8_can.o:
L5531f_CanMsgAnalyze                   13   (6)
f_CANGetEmptyMegBox                >    2   (2)
f_CanFlagAnalyse                        2   (2)
f_CanIllumLevel                         3   (3)
f_CanInit                               3   (3)
f_CanInterruptDisable              >    2   (2)
f_CanInterruptRestore                   2   (2)
f_CanMsgTransmit                        5   (5)
f_CanSleep                              5   (2)
f_CanWakeUp                             2   (2)
f_Can_Main                              9   (2)
f_Can_Store_Rcvd_Msg                   18   (5)
f_Can_Wakeup_Enable                     2   (2)
f_ISR_Can_Rx                       >   20   (2)
f_ISR_Can_Tx                       >    3   (3)
f_SendToCan                             7   (2)

Debug\stm8_gpio.o:
f_GPIOInit                              2   (2)

Debug\stm8_interrupt_vector.o:
f_NonHandledInterrupt              >    5   (5)

Debug\stm8_it.o:
f_ADC_IRQHandler                   >    9   (9)
f_AWU_IRQHandler                   >    5   (5)
f_CAN_RX_IRQHandler                >    5   (5)
f_CAN_TX_IRQHandler                >    5   (5)
f_CLK_IRQHandler                   >    5   (5)
f_EEPROM_EEC_IRQHandler            >    5   (5)
f_EXTI_PORTA_IRQHandler            >    5   (5)
f_EXTI_PORTB_IRQHandler            >    5   (5)
f_EXTI_PORTC_IRQHandler            >    5   (5)
f_EXTI_PORTD_IRQHandler            >    5   (5)
f_EXTI_PORTE_IRQHandler            >    5   (5)
f_I2C_IRQHandler                   >    5   (5)
f_LINUART_RX_IRQHandler            >    5   (5)
f_LINUART_TX_IRQHandler            >    5   (5)
f_SPI_IRQHandler                   >    5   (5)
f_Startup                          >    2   (2)
f_TIM1_CAP_COM_IRQHandler          >    5   (5)
f_TIM1_UPD_OVF_TRG_BRK_IRQHandler  >    5   (5)
f_TIM2_CAP_COM_IRQHandler          >    6   (6)
f_TIM2_UPD_OVF_BRK_IRQHandler      >    6   (6)
f_TIM3_CAP_COM_IRQHandler          >    5   (5)
f_TIM3_UPD_OVF_BRK_IRQHandler      >    5   (5)
f_TIM4_UPD_OVF_IRQHandler          >   22   (11)
f_TLI_IRQHandler                   >    5   (5)
f_TRAP_IRQHandler                  >    5   (5)
f_USART_RX_IRQHandler              >    5   (5)
f_USART_TX_IRQHandler              >    5   (5)

Debug\stm8_timer.o:
f_ISR_TIM4_UPD_OVF                     11   (11)
f_TIM1Init                         >    2   (2)
f_TIM2Init                         >    2   (2)
f_TIM3Init                         >    2   (2)
f_TIM4Init                              2   (2)
f_TimerInit                             4   (2)

C:\Program Files\COSMIC\CXSTM8\Lib\libm.sm8:
d_lgadc                                 3   (3)
d_lglsh                                 3   (3)
d_ltor                                  3   (3)

Stack size: 42


                              ---------
                              Call tree
                              ---------
   1 > f_ADCInit: (2)

   2 > f_ADC_10BIT: (7)
   3      + f_Delay: (4)
       
   4 > f_ADC_IRQHandler: (9)

   5 > f_AWU_IRQHandler: (5)

   6 > f_CANGetEmptyMegBox: (2)

   7 > f_CAN_RX_IRQHandler: (5)

   8 > f_CAN_TX_IRQHandler: (5)

   9 > f_CLK_IRQHandler: (5)

  10 > f_CanInterruptDisable: (2)

  11 > f_EEPROM_EEC_IRQHandler: (5)

  12 > f_EXTI_PORTA_IRQHandler: (5)

  13 > f_EXTI_PORTB_IRQHandler: (5)

  14 > f_EXTI_PORTC_IRQHandler: (5)

  15 > f_EXTI_PORTD_IRQHandler: (5)

  16 > f_EXTI_PORTE_IRQHandler: (5)

  17 > f_I2C_IRQHandler: (5)

  18 > f_ISR_Can_Rx: (2)
  19      + f_Can_Store_Rcvd_Msg: (5)
  20      |    + L5531f_CanMsgAnalyze: (6)
  21      |    |    + f_CanFlagAnalyse: (2)
  22      |    |    + f_CanIllumLevel: (3)
  23      |    |    + f_SendToCan: (2)
  24      |    |    |    + f_CanMsgTransmit: (5)
          |    |    | 
          |    | 
          | 
       
  25 > f_ISR_Can_Tx: (3)

  26 > f_LINUART_RX_IRQHandler: (5)

  27 > f_LINUART_TX_IRQHandler: (5)

  28 > f_NonHandledInterrupt: (5)

  29 > f_SPI_IRQHandler: (5)

  30 > f_Startup: (2)
  31      + f__stext: (0)
       
  32 > f_TIM1Init: (2)

  33 > f_TIM1_CAP_COM_IRQHandler: (5)

  34 > f_TIM1_UPD_OVF_TRG_BRK_IRQHandler: (5)

  35 > f_TIM2Init: (2)

  36 > f_TIM2_CAP_COM_IRQHandler: (6)

  37 > f_TIM2_UPD_OVF_BRK_IRQHandler: (6)

  38 > f_TIM3Init: (2)

  39 > f_TIM3_CAP_COM_IRQHandler: (5)

  40 > f_TIM3_UPD_OVF_BRK_IRQHandler: (5)

  41 > f_TIM4_UPD_OVF_IRQHandler: (11)
  42      + f_ISR_TIM4_UPD_OVF: (11)
       
  43 > f_TLI_IRQHandler: (5)

  44 > f_TRAP_IRQHandler: (5)

  45 > f_USART_RX_IRQHandler: (5)

  46 > f_USART_TX_IRQHandler: (5)

  47 > f_main: (2)
  48      + f_BeepManage: (2)
  49      + f_Can_Main: (2)
  50      |    + f_CanInit: (3)
  51      |    + f_CanInterruptRestore: (2)
  52      |    + f_CanSleep: (2)
  53      |    |    + f_CanInit --> 50
  54      |    |    + f_Can_Wakeup_Enable: (2)
          |    | 
  55      |    + f_CanWakeUp: (2)
  56      |    + f_SendToCan --> 23
          | 
  57      + f_HardwareInit: (2)
  58      |    + f_BeepInit: (2)
  59      |    + f_Delay --> 3
  60      |    + f_GPIOInit: (2)
  61      |    + f_SysClkInit: (2)
  62      |    + f_TimerInit: (2)
  63      |    |    + f_TIM4Init: (2)
          |    | 
          | 
  64      + f_InterruptInit: (2)
  65      + f_Key_Scan_AD: (4)
  66      |    + f_ADC_8BIT: (5)
  67      |    |    + f_Delay --> 3
          |    | 
          | 
  68      + f_VariableInit: (2)
       
  69   L5531f_CanMsgAnalyze --> 20

  70   f_ADC_8BIT --> 66

  71   f_BeepInit --> 58

  72   f_BeepManage --> 48

  73   f_CanFlagAnalyse --> 21

  74   f_CanIllumLevel --> 22

  75   f_CanInit --> 50

  76   f_CanInterruptRestore --> 51

  77   f_CanMsgTransmit --> 24

  78   f_CanSleep --> 52

  79   f_CanWakeUp --> 55

  80   f_Can_Main --> 49

  81   f_Can_Store_Rcvd_Msg --> 19

  82   f_Can_Wakeup_Enable --> 54

  83   f_Delay --> 3

  84   f_GPIOInit --> 60

  85   f_HardwareInit --> 57

  86   f_ISR_TIM4_UPD_OVF --> 42

  87   f_InterruptInit --> 64

  88   f_Key_Scan_AD --> 65

  89   f_SendToCan --> 23

  90   f_SysClkInit --> 61

  91   f_TIM4Init --> 63

  92   f_TimerInit --> 62

  93   f_VariableInit --> 68

  94   f__stext --> 31



                               -------
                               Symbols
                               -------

_ADC                                00005400   defined in Debug\library.o
_AD_Key_Tab                         00008080   defined in Debug\stm8_adc.o section .const
_AWU                                000050f0   defined in Debug\library.o
_AdcValue                           00000108   defined in Debug\main.o section .bss
                                               used in Debug\stm8_it.o
_BEEP                               000050f3   defined in Debug\library.o
_BeepState                          00000139   defined in Debug\main.o section .bss
                                               used in Debug\stm8_adc.o
                                                       Debug\stm8_beep.o
_BeepTimer                          00000138   defined in Debug\main.o section .bss
                                               used in Debug\stm8_beep.o
                                                       Debug\stm8_timer.o
_Block                              ********   *** removed from Debug\stm8_flash.o ***
_CAN                                00005420   defined in Debug\library.o
_CANMsgACC                          00000112   defined in Debug\main.o section .bss
_CFG                                00007f60   defined in Debug\library.o
_CLK                                000050c0   defined in Debug\library.o
_CanBusState                        00000130   defined in Debug\main.o section .bss
                                               used in Debug\stm8_can.o
_CanPage                            00000135   defined in Debug\main.o section .bss
                                               used in Debug\stm8_can.o
_CanTxRxBuffer                      00000123   defined in Debug\main.o section .bss
                                               used in Debug\stm8_can.o
_CntSendFalse                       00000110   defined in Debug\main.o section .bss
_DM                                 00007f90   defined in Debug\library.o
_DebugParameter                     00000106   defined in Debug\main.o section .bss
_EXTI                               000050a0   defined in Debug\library.o
_Eeprom                             00004000   defined in Debug\stm8_flash.o
_FLASH                              0000505a   defined in Debug\library.o
_FatalCode                          00000105   defined in Debug\main.o section .bss
_FlagCan                            00000111   defined in Debug\main.o section .bss
_FlagMain                           00000107   defined in Debug\main.o section .bss
                                               used in Debug\stm8_beep.o
                                                       Debug\stm8_timer.o
_FlashByte                          ********   *** removed from Debug\stm8_flash.o ***
_FlashWord                          ********   *** removed from Debug\stm8_flash.o ***
_GBuffer                            ********   *** removed from Debug\stm8_flash.o ***
_GPIOA                              00005000   defined in Debug\library.o
_GPIOB                              00005005   defined in Debug\library.o
_GPIOC                              0000500a   defined in Debug\library.o
_GPIOD                              0000500f   defined in Debug\library.o
_GPIOE                              00005014   defined in Debug\library.o
_GPIOF                              00005019   defined in Debug\library.o
_GPIOG                              0000501e   defined in Debug\library.o
_GPIOH                              00005023   defined in Debug\library.o
_GPIOI                              00005028   defined in Debug\library.o
_I2C                                00005210   defined in Debug\library.o
_ITC                                00007f70   defined in Debug\library.o
_IWDG                               000050e0   defined in Debug\library.o
_LINUART                            00005240   defined in Debug\library.o
_NodeState                          00000131   defined in Debug\main.o section .bss
                                               used in Debug\stm8_can.o
_OPT                                00005067   defined in Debug\library.o
_PowerState                         00000104   defined in Debug\main.o section .bss
_RST                                000050b3   defined in Debug\library.o
_SPI                                00005200   defined in Debug\library.o
_SWIM                               00007f80   defined in Debug\library.o
_TIM1                               00005250   defined in Debug\library.o
_TIM2                               00005300   defined in Debug\library.o
_TIM3                               00005320   defined in Debug\library.o
_TIM4                               00005340   defined in Debug\library.o
_USART                              00005230   defined in Debug\library.o
_WWDG                               000050d1   defined in Debug\library.o
__endmem                            00000bff   defined in command file
                                               *** not used ***
__endzp                             0000000a   defined in command file section .ubsct
                                               used in C:\Program Files\COSMIC\CXSTM8\Lib\crtsi.sm8
__fctcpy                            ********   *** removed from Debug\fctcpy.o ***
__idesc__                           000080cd   defined in linker section .init
                                               used in C:\Program Files\COSMIC\CXSTM8\Lib\crtsi.sm8
                                                       Debug\fctcpy.o
__memory                            0000013a   defined in command file section .bss
                                               used in C:\Program Files\COSMIC\CXSTM8\Lib\crtsi.sm8
__stack                             00000fff   defined in command file
                                               used in C:\Program Files\COSMIC\CXSTM8\Lib\crtsi.sm8
__startmem                          0000013a   defined in command file section .iapcode
                                               *** not used ***
__stext                             000080d9   defined in C:\Program Files\COSMIC\CXSTM8\Lib\crtsi.sm8 section .text
                                               *** not used ***
__vectab                            00008000   defined in Debug\stm8_interrupt_vector.o section .const
_can_msg_id16                       0000010e   defined in Debug\main.o section .bss
_can_msg_id32                       0000010a   defined in Debug\main.o section .bss
                                               used in Debug\stm8_can.o
_debug_adc                          00000136   defined in Debug\main.o section .bss
                                               used in Debug\stm8_adc.o
c_lreg                              00000006   defined in (C:\Program Files\COSMIC\CXSTM8\Lib\libm.sm8)lreg.o section .ubsct
                                               used in (C:\Program Files\COSMIC\CXSTM8\Lib\libm.sm8)cmulx.o
                                                       (C:\Program Files\COSMIC\CXSTM8\Lib\libm.sm8)fltor.o
                                                       (C:\Program Files\COSMIC\CXSTM8\Lib\libm.sm8)jltab.o
                                                       (C:\Program Files\COSMIC\CXSTM8\Lib\libm.sm8)lgadd.o
                                                       (C:\Program Files\COSMIC\CXSTM8\Lib\libm.sm8)ltor.o
c_x                                 00000000   defined in (C:\Program Files\COSMIC\CXSTM8\Lib\libm.sm8)xreg.o section .ubsct
                                               used in C:\Program Files\COSMIC\CXSTM8\Lib\crtsi.sm8
                                                       Debug\fctcpy.o
                                                       Debug\stm8_flash.o
                                                       Debug\stm8_it.o
                                                       (C:\Program Files\COSMIC\CXSTM8\Lib\libm.sm8)fltor.o
                                                       (C:\Program Files\COSMIC\CXSTM8\Lib\libm.sm8)jltab.o
c_y                                 00000003   defined in (C:\Program Files\COSMIC\CXSTM8\Lib\libm.sm8)yreg.o section .ubsct
                                               used in C:\Program Files\COSMIC\CXSTM8\Lib\crtsi.sm8
                                                       Debug\stm8_adc.o
                                                       Debug\stm8_it.o
d_jltab                             00008cbb   defined in (C:\Program Files\COSMIC\CXSTM8\Lib\libm.sm8)jltab.o section .text
                                               used in Debug\stm8_can.o
d_lgadc                             00008ce1   defined in (C:\Program Files\COSMIC\CXSTM8\Lib\libm.sm8)lgadc.o section .text
                                               used in Debug\stm8_can.o
d_lglsh                             00008cf1   defined in (C:\Program Files\COSMIC\CXSTM8\Lib\libm.sm8)lglsh.o section .text
                                               used in Debug\stm8_can.o
d_ltor                              00008cff   defined in (C:\Program Files\COSMIC\CXSTM8\Lib\libm.sm8)ltor.o section .text
                                               used in Debug\stm8_can.o
                                                       Debug\stm8_flash.o
f_ADCInit                           000081e8   defined in Debug\stm8_adc.o section .text
                                               *** not used ***
f_ADC_10BIT                         00008237   defined in Debug\stm8_adc.o section .text
                                               *** not used ***
f_ADC_8BIT                          000081f9   defined in Debug\stm8_adc.o section .text
f_ADC_IRQHandler                    00008aaf   defined in Debug\stm8_it.o section .text
                                               *** not used ***
f_AWU_IRQHandler                    000089d4   defined in Debug\stm8_it.o section .text
                                               *** not used ***
f_BeepInit                          000083a3   defined in Debug\stm8_beep.o section .text
                                               used in Debug\main.o
f_BeepManage                        000083ac   defined in Debug\stm8_beep.o section .text
                                               used in Debug\main.o
f_CANGetEmptyMegBox                 000088a7   defined in Debug\stm8_can.o section .text
                                               *** not used ***
f_CAN_RX_IRQHandler                 000089db   defined in Debug\stm8_it.o section .text
                                               *** not used ***
f_CAN_TX_IRQHandler                 000089dc   defined in Debug\stm8_it.o section .text
                                               *** not used ***
f_CLK_IRQHandler                    000089d5   defined in Debug\stm8_it.o section .text
                                               *** not used ***
f_CanFlagAnalyse                    00008895   defined in Debug\stm8_can.o section .text
f_CanIllumLevel                     000087df   defined in Debug\stm8_can.o section .text
f_CanInit                           00008491   defined in Debug\stm8_can.o section .text
f_CanInterruptDisable               000086a7   defined in Debug\stm8_can.o section .text
                                               *** not used ***
f_CanInterruptRestore               000086be   defined in Debug\stm8_can.o section .text
f_CanMsgTransmit                    0000862f   defined in Debug\stm8_can.o section .text
f_CanSleep                          00008604   defined in Debug\stm8_can.o section .text
f_CanWakeUp                         0000861c   defined in Debug\stm8_can.o section .text
f_Can_Main                          000088d6   defined in Debug\stm8_can.o section .text
                                               used in Debug\main.o
f_Can_Store_Rcvd_Msg                000086d5   defined in Debug\stm8_can.o section .text
f_Can_Wakeup_Enable                 000085ed   defined in Debug\stm8_can.o section .text
f_Delay                             00008125   defined in Debug\library.o section .text
                                               used in Debug\main.o
                                                       Debug\stm8_adc.o
f_EEPROM_EEC_IRQHandler             00008afc   defined in Debug\stm8_it.o section .text
                                               *** not used ***
f_EXTI_PORTA_IRQHandler             000089d6   defined in Debug\stm8_it.o section .text
                                               *** not used ***
f_EXTI_PORTB_IRQHandler             000089d7   defined in Debug\stm8_it.o section .text
                                               *** not used ***
f_EXTI_PORTC_IRQHandler             000089d8   defined in Debug\stm8_it.o section .text
                                               *** not used ***
f_EXTI_PORTD_IRQHandler             000089d9   defined in Debug\stm8_it.o section .text
                                               *** not used ***
f_EXTI_PORTE_IRQHandler             000089da   defined in Debug\stm8_it.o section .text
                                               *** not used ***
f_EepromLoad                        ********   *** removed from Debug\stm8_flash.o ***
f_EepromSave                        ********   *** removed from Debug\stm8_flash.o ***
f_EepromUnlock                      ********   *** removed from Debug\stm8_flash.o ***
f_FlashEraseBlock                   ********   *** removed from Debug\stm8_flash.o ***
f_FlashEraseByte                    ********   *** removed from Debug\stm8_flash.o ***
f_FlashLock                         ********   *** removed from Debug\stm8_flash.o ***
f_FlashProgramBlock                 ********   *** removed from Debug\stm8_flash.o ***
f_FlashReadByte                     ********   *** removed from Debug\stm8_flash.o ***
f_FlashReadWord                     ********   *** removed from Debug\stm8_flash.o ***
f_FlashSetProgrammingTime           ********   *** removed from Debug\stm8_flash.o ***
f_FlashUnlock                       ********   *** removed from Debug\stm8_flash.o ***
f_FlashWaitForEepromOperation       ********   *** removed from Debug\stm8_flash.o ***
f_FlashWaitForLastOperation         ********   *** removed from Debug\stm8_flash.o ***
f_FlashWriteByte                    ********   *** removed from Debug\stm8_flash.o ***
f_FlashWriteWord                    ********   *** removed from Debug\stm8_flash.o ***
f_GPIOInit                          00008941   defined in Debug\stm8_gpio.o section .text
                                               used in Debug\main.o
f_HardwareInit                      00008198   defined in Debug\main.o section .text
f_I2C_IRQHandler                    00008aac   defined in Debug\stm8_it.o section .text
                                               *** not used ***
f_ISR_Can_Rx                        000087a7   defined in Debug\stm8_can.o section .text
                                               *** not used ***
f_ISR_Can_Tx                        0000877c   defined in Debug\stm8_can.o section .text
                                               *** not used ***
f_ISR_TIM4_UPD_OVF                  00008beb   defined in Debug\stm8_timer.o section .text
                                               used in Debug\stm8_it.o
f_IapProc                           ********   *** removed from Debug\stm8_flash.o ***
f_InterruptInit                     00008160   defined in Debug\main.o section .text
f_Key_Scan_AD                       00008289   defined in Debug\stm8_adc.o section .text
                                               used in Debug\main.o
f_LINUART_RX_IRQHandler             00008aae   defined in Debug\stm8_it.o section .text
                                               *** not used ***
f_LINUART_TX_IRQHandler             00008aad   defined in Debug\stm8_it.o section .text
                                               *** not used ***
f_NonHandledInterrupt               00008d11   defined in Debug\stm8_interrupt_vector.o section .text
f_SPI_IRQHandler                    000089dd   defined in Debug\stm8_it.o section .text
                                               *** not used ***
f_SendToCan                         000088d1   defined in Debug\stm8_can.o section .text
f_Startup                           00008afd   defined in Debug\stm8_it.o section .text
                                               *** not used ***
f_SysClkInit                        0000813d   defined in Debug\main.o section .text
f_TIM1Init                          00008b02   defined in Debug\stm8_timer.o section .text
                                               *** not used ***
f_TIM1_CAP_COM_IRQHandler           000089eb   defined in Debug\stm8_it.o section .text
                                               used in Debug\stm8_interrupt_vector.o
f_TIM1_UPD_OVF_TRG_BRK_IRQHandler   000089de   defined in Debug\stm8_it.o section .text
                                               used in Debug\stm8_interrupt_vector.o
f_TIM2Init                          00008b7b   defined in Debug\stm8_timer.o section .text
                                               *** not used ***
f_TIM2_CAP_COM_IRQHandler           00008a14   defined in Debug\stm8_it.o section .text
                                               used in Debug\stm8_interrupt_vector.o
f_TIM2_UPD_OVF_BRK_IRQHandler       000089f7   defined in Debug\stm8_it.o section .text
                                               used in Debug\stm8_interrupt_vector.o
f_TIM3Init                          00008bac   defined in Debug\stm8_timer.o section .text
                                               *** not used ***
f_TIM3_CAP_COM_IRQHandler           00008aa9   defined in Debug\stm8_it.o section .text
                                               used in Debug\stm8_interrupt_vector.o
f_TIM3_UPD_OVF_BRK_IRQHandler       00008aa4   defined in Debug\stm8_it.o section .text
                                               used in Debug\stm8_interrupt_vector.o
f_TIM4Init                          00008bc9   defined in Debug\stm8_timer.o section .text
f_TIM4_UPD_OVF_IRQHandler           00008adf   defined in Debug\stm8_it.o section .text
                                               used in Debug\stm8_interrupt_vector.o
f_TLI_IRQHandler                    000089d3   defined in Debug\stm8_it.o section .text
                                               *** not used ***
f_TRAP_IRQHandler                   000089d2   defined in Debug\stm8_it.o section .text
                                               *** not used ***
f_TimerInit                         00008be6   defined in Debug\stm8_timer.o section .text
                                               used in Debug\main.o
f_USART_RX_IRQHandler               00008aab   defined in Debug\stm8_it.o section .text
                                               *** not used ***
f_USART_TX_IRQHandler               00008aaa   defined in Debug\stm8_it.o section .text
                                               *** not used ***
f_VariableInit                      0000818b   defined in Debug\main.o section .text
f__stext                            000080d9   defined in C:\Program Files\COSMIC\CXSTM8\Lib\crtsi.sm8 section .text
                                               used in Debug\stm8_it.o
                                                       Debug\stm8_interrupt_vector.o
f_exit                              00008123   defined in C:\Program Files\COSMIC\CXSTM8\Lib\crtsi.sm8 section .text
f_main                              000081b0   defined in Debug\main.o section .text
                                               used in C:\Program Files\COSMIC\CXSTM8\Lib\crtsi.sm8
