
Map of Debug\smarthouse.sm8 from link file Debug\smarthouse.lkf - Sat Sep 10 14:50:41 2011


                               --------
                               Segments
                               --------

start 00008080 end 000080cd length    77 segment .const
start 000080d9 end 00008dd8 length  3327 segment .text
start 00004000 end 00004000 length     0 segment .eeprom
start 00000000 end 00000000 length     0 segment .bsct
start 00000000 end 0000000a length    10 segment .ubsct
start 0000000a end 0000000a length     0 segment .bit
start 0000000a end 0000000a length     0 segment .share
start 00000100 end 00000104 length     4 segment .data, initialized
start 000080d5 end 000080d9 length     4 segment .data, from
start 00000104 end 00000142 length    62 segment .bss
start 00000142 end 00000142 length     0 segment .iapcode
start 00000000 end 00014017 length 81943 segment .debug
start 00008000 end 00008080 length   128 segment .const
start 000080cd end 000080d5 length     8 segment .init


                               -------
                               Modules
                               -------

D:\Program Files\COSMIC\CXSTM8\Lib\crtsi.sm8:
start 000080d9 end 00008125 length    76 section .text
start 00000104 end 00000104 length     0 section .bss
start 00000000 end 00000000 length     0 section .ubsct

Debug\fctcpy.o:
start ******** end ******** length     0 section .text *** removed ***
start 00000000 end 000000b0 length   176 section .debug

Debug\library.o:
start 00008125 end 0000813d length    24 section .text
start 000000b0 end 00001d0c length  7260 section .debug

Debug\main.o:
start 0000813d end 000081f3 length   182 section .text
start 00000104 end 00000142 length    62 section .bss
start 00001d0c end 00004459 length 10061 section .debug

Debug\stm8_adc.o:
start 000081f3 end 00008392 length   415 section .text
start 00004459 end 00006233 length  7642 section .debug
start 00008080 end 000080a1 length    33 section .const

Debug\stm8_beep.o:
start 00008392 end 0000847c length   234 section .text
start 00000100 end 00000102 length     2 section .data
start 00006233 end 00007ef4 length  7361 section .debug

Debug\stm8_can.o:
start 0000847c end 00008985 length  1289 section .text
start 00007ef4 end 0000a0f1 length  8701 section .debug
start 000080a1 end 000080cd length    44 section .const

Debug\stm8_flash.o:
start ******** end ******** length     0 section .text *** removed ***
start ******** end ******** length     0 section .bss *** removed ***
start 0000a0f1 end 0000c58d length  9372 section .debug
start ******** end ******** length     0 section .iapcode *** removed ***

Debug\stm8_gpio.o:
start 00008985 end 00008a16 length   145 section .text
start 0000c58d end 0000e1d5 length  7240 section .debug

Debug\stm8_it.o:
start 00008a16 end 00008b79 length   355 section .text
start 00000102 end 00000103 length     1 section .data
start 0000e1d5 end 00010586 length  9137 section .debug

Debug\stm8_timer.o:
start 00008b79 end 00008d81 length   520 section .text
start 00000103 end 00000104 length     1 section .data
start 00010586 end 0001231b length  7573 section .debug

(D:\Program Files\COSMIC\CXSTM8\Lib\libm.sm8)xreg.o:
start 00000000 end 00000003 length     3 section .ubsct

(D:\Program Files\COSMIC\CXSTM8\Lib\libm.sm8)yreg.o:
start 00000003 end 00000006 length     3 section .ubsct

(D:\Program Files\COSMIC\CXSTM8\Lib\libm.sm8)lreg.o:
start 00000006 end 0000000a length     4 section .ubsct

(D:\Program Files\COSMIC\CXSTM8\Lib\libm.sm8)jltab.o:
start 00008d81 end 00008da7 length    38 section .text

(D:\Program Files\COSMIC\CXSTM8\Lib\libm.sm8)lgadc.o:
start 00008da7 end 00008db7 length    16 section .text

(D:\Program Files\COSMIC\CXSTM8\Lib\libm.sm8)lglsh.o:
start 00008db7 end 00008dc5 length    14 section .text

(D:\Program Files\COSMIC\CXSTM8\Lib\libm.sm8)ltor.o:
start 00008dc5 end 00008dd7 length    18 section .text

Debug\stm8_interrupt_vector.o:
start 00008dd7 end 00008dd8 length     1 section .text
start 0001231b end 00014017 length  7420 section .debug
start 00008000 end 00008080 length   128 section .const


                             -----------
                             Stack usage
                             -----------

Debug\library.o:
f_Delay                                 4   (4)

Debug\main.o:
f_HardwareInit                          6   (2)
f_InterruptInit                         2   (2)
f_SysClkInit                            2   (2)
f_VariableInit                          2   (2)
f_main                             >   15   (2)

Debug\stm8_adc.o:
f_ADCInit                          >    2   (2)
f_ADC_10BIT                        >   11   (7)
f_ADC_8BIT                              9   (5)
f_Key_Scan_AD                          13   (4)

Debug\stm8_beep.o:
f_BeepInit                              2   (2)
f_BeepManage                            2   (2)

Debug\stm8_can.o:
L5531f_CanMsgAnalyze                   13   (6)
f_CANGetEmptyMegBox                >    2   (2)
f_CanFlagAnalyse                        2   (2)
f_CanIllumLevel                         3   (3)
f_CanInit                               3   (3)
f_CanInterruptDisable              >    2   (2)
f_CanInterruptRestore                   2   (2)
f_CanMsgTransmit                        5   (5)
f_CanSleep                              5   (2)
f_CanWakeUp                             2   (2)
f_Can_Main                              9   (2)
f_Can_Store_Rcvd_Msg                   18   (5)
f_Can_Wakeup_Enable                     2   (2)
f_ISR_Can_Rx                           20   (2)
f_ISR_Can_Tx                            3   (3)
f_SendToCan                             7   (2)

Debug\stm8_gpio.o:
f_GPIOInit                              2   (2)

Debug\stm8_interrupt_vector.o:
f_NonHandledInterrupt              >    5   (5)

Debug\stm8_it.o:
f_ADC_IRQHandler                   >    9   (9)
f_AWU_IRQHandler                   >    5   (5)
f_CAN_RX_IRQHandler                >   31   (11)
f_CAN_TX_IRQHandler                >   14   (11)
f_CLK_IRQHandler                   >    5   (5)
f_EEPROM_EEC_IRQHandler            >    5   (5)
f_EXTI_PORTA_IRQHandler            >    5   (5)
f_EXTI_PORTB_IRQHandler            >    5   (5)
f_EXTI_PORTC_IRQHandler            >    5   (5)
f_EXTI_PORTD_IRQHandler            >    5   (5)
f_EXTI_PORTE_IRQHandler            >    5   (5)
f_I2C_IRQHandler                   >    5   (5)
f_LINUART_RX_IRQHandler            >    5   (5)
f_LINUART_TX_IRQHandler            >    5   (5)
f_SPI_IRQHandler                   >    5   (5)
f_TIM1_CAP_COM_IRQHandler          >    5   (5)
f_TIM1_UPD_OVF_TRG_BRK_IRQHandler  >    5   (5)
f_TIM2_CAP_COM_IRQHandler          >    6   (6)
f_TIM2_UPD_OVF_BRK_IRQHandler      >    6   (6)
f_TIM3_CAP_COM_IRQHandler          >    5   (5)
f_TIM3_UPD_OVF_BRK_IRQHandler      >    5   (5)
f_TIM4_UPD_OVF_IRQHandler          >   34   (11)
f_TLI_IRQHandler                   >    5   (5)
f_TRAP_IRQHandler                  >    5   (5)
f_USART_RX_IRQHandler              >    5   (5)
f_USART_TX_IRQHandler              >    5   (5)

Debug\stm8_timer.o:
f_ISR_TIM4_UPD_OVF                     23   (20)
f_TIM1Init                         >    2   (2)
f_TIM2Init                         >    2   (2)
f_TIM3Init                         >    2   (2)
f_TIM4Init                              2   (2)
f_TimerInit                             4   (2)

D:\Program Files\COSMIC\CXSTM8\Lib\libm.sm8:
d_lgadc                                 3   (3)
d_lglsh                                 3   (3)
d_ltor                                  3   (3)

Stack size: 49


                              ---------
                              Call tree
                              ---------
   1 > __stext: (0)

   2 > f_ADCInit: (2)

   3 > f_ADC_10BIT: (7)
   4      + f_Delay: (4)
       
   5 > f_ADC_IRQHandler: (9)

   6 > f_AWU_IRQHandler: (5)

   7 > f_CANGetEmptyMegBox: (2)

   8 > f_CAN_RX_IRQHandler: (11)
   9      + f_ISR_Can_Rx: (2)
  10      |    + f_Can_Store_Rcvd_Msg: (5)
  11      |    |    + L5531f_CanMsgAnalyze: (6)
  12      |    |    |    + f_CanFlagAnalyse: (2)
  13      |    |    |    + f_CanIllumLevel: (3)
  14      |    |    |    + f_SendToCan: (2)
  15      |    |    |    |    + f_CanMsgTransmit: (5)
          |    |    |    | 
          |    |    | 
          |    | 
          | 
       
  16 > f_CAN_TX_IRQHandler: (11)
  17      + f_ISR_Can_Tx: (3)
       
  18 > f_CLK_IRQHandler: (5)

  19 > f_CanInterruptDisable: (2)

  20 > f_EEPROM_EEC_IRQHandler: (5)

  21 > f_EXTI_PORTA_IRQHandler: (5)

  22 > f_EXTI_PORTB_IRQHandler: (5)

  23 > f_EXTI_PORTC_IRQHandler: (5)

  24 > f_EXTI_PORTD_IRQHandler: (5)

  25 > f_EXTI_PORTE_IRQHandler: (5)

  26 > f_I2C_IRQHandler: (5)

  27 > f_LINUART_RX_IRQHandler: (5)

  28 > f_LINUART_TX_IRQHandler: (5)

  29 > f_NonHandledInterrupt: (5)

  30 > f_SPI_IRQHandler: (5)

  31 > f_TIM1Init: (2)

  32 > f_TIM1_CAP_COM_IRQHandler: (5)

  33 > f_TIM1_UPD_OVF_TRG_BRK_IRQHandler: (5)

  34 > f_TIM2Init: (2)

  35 > f_TIM2_CAP_COM_IRQHandler: (6)

  36 > f_TIM2_UPD_OVF_BRK_IRQHandler: (6)

  37 > f_TIM3Init: (2)

  38 > f_TIM3_CAP_COM_IRQHandler: (5)

  39 > f_TIM3_UPD_OVF_BRK_IRQHandler: (5)

  40 > f_TIM4_UPD_OVF_IRQHandler: (11)
  41      + f_ISR_TIM4_UPD_OVF: (20)
       
  42 > f_TLI_IRQHandler: (5)

  43 > f_TRAP_IRQHandler: (5)

  44 > f_USART_RX_IRQHandler: (5)

  45 > f_USART_TX_IRQHandler: (5)

  46 > f_main: (2)
  47      + f_BeepManage: (2)
  48      + f_Can_Main: (2)
  49      |    + f_CanInit: (3)
  50      |    + f_CanInterruptRestore: (2)
  51      |    + f_CanSleep: (2)
  52      |    |    + f_CanInit --> 49
  53      |    |    + f_Can_Wakeup_Enable: (2)
          |    | 
  54      |    + f_CanWakeUp: (2)
  55      |    + f_SendToCan --> 14
          | 
  56      + f_HardwareInit: (2)
  57      |    + f_BeepInit: (2)
  58      |    + f_Delay --> 4
  59      |    + f_GPIOInit: (2)
  60      |    + f_SysClkInit: (2)
  61      |    + f_TimerInit: (2)
  62      |    |    + f_TIM4Init: (2)
          |    | 
          | 
  63      + f_InterruptInit: (2)
  64      + f_Key_Scan_AD: (4)
  65      |    + f_ADC_8BIT: (5)
  66      |    |    + f_Delay --> 4
          |    | 
          | 
  67      + f_VariableInit: (2)
       
  68   L5531f_CanMsgAnalyze --> 11

  69   f_ADC_8BIT --> 65

  70   f_BeepInit --> 57

  71   f_BeepManage --> 47

  72   f_CanFlagAnalyse --> 12

  73   f_CanIllumLevel --> 13

  74   f_CanInit --> 49

  75   f_CanInterruptRestore --> 50

  76   f_CanMsgTransmit --> 15

  77   f_CanSleep --> 51

  78   f_CanWakeUp --> 54

  79   f_Can_Main --> 48

  80   f_Can_Store_Rcvd_Msg --> 10

  81   f_Can_Wakeup_Enable --> 53

  82   f_Delay --> 4

  83   f_GPIOInit --> 59

  84   f_HardwareInit --> 56

  85   f_ISR_Can_Rx --> 9

  86   f_ISR_Can_Tx --> 17

  87   f_ISR_TIM4_UPD_OVF --> 41

  88   f_InterruptInit --> 63

  89   f_Key_Scan_AD --> 64

  90   f_SendToCan --> 14

  91   f_SysClkInit --> 60

  92   f_TIM4Init --> 62

  93   f_TimerInit --> 61

  94   f_VariableInit --> 67



                               -------
                               Symbols
                               -------

_ADC                                00005400   defined in Debug\library.o
_AD_Key_Tab                         00008080   defined in Debug\stm8_adc.o section .const
_AWU                                000050f0   defined in Debug\library.o
_AdcValue                           00000110   defined in Debug\main.o section .bss
                                               used in Debug\stm8_it.o
_BEEP                               000050f3   defined in Debug\library.o
_BeepState                          00000141   defined in Debug\main.o section .bss
                                               used in Debug\stm8_adc.o
                                                       Debug\stm8_beep.o
_BeepTimer                          00000140   defined in Debug\main.o section .bss
                                               used in Debug\stm8_beep.o
                                                       Debug\stm8_timer.o
_Block                              ********   *** removed from Debug\stm8_flash.o ***
_CAN                                00005420   defined in Debug\library.o
_CANMsgACC                          0000011a   defined in Debug\main.o section .bss
_CFG                                00007f60   defined in Debug\library.o
_CLK                                000050c0   defined in Debug\library.o
_CanBusState                        00000138   defined in Debug\main.o section .bss
                                               used in Debug\stm8_can.o
_CanPage                            0000013d   defined in Debug\main.o section .bss
                                               used in Debug\stm8_can.o
_CanTxRxBuffer                      0000012b   defined in Debug\main.o section .bss
                                               used in Debug\stm8_can.o
_CntSendFalse                       00000118   defined in Debug\main.o section .bss
_DM                                 00007f90   defined in Debug\library.o
_DebugParameter                     0000010e   defined in Debug\main.o section .bss
_DebugWord                          00000106   defined in Debug\main.o section .bss
                                               used in Debug\stm8_can.o
                                                       Debug\stm8_timer.o
_EXTI                               000050a0   defined in Debug\library.o
_Eeprom                             00004000   defined in Debug\stm8_flash.o
_FLASH                              0000505a   defined in Debug\library.o
_FatalCode                          00000105   defined in Debug\main.o section .bss
_FlagCan                            00000119   defined in Debug\main.o section .bss
_FlagMain                           0000010f   defined in Debug\main.o section .bss
                                               used in Debug\stm8_beep.o
                                                       Debug\stm8_timer.o
_FlashByte                          ********   *** removed from Debug\stm8_flash.o ***
_FlashWord                          ********   *** removed from Debug\stm8_flash.o ***
_GBuffer                            ********   *** removed from Debug\stm8_flash.o ***
_GPIOA                              00005000   defined in Debug\library.o
_GPIOB                              00005005   defined in Debug\library.o
_GPIOC                              0000500a   defined in Debug\library.o
_GPIOD                              0000500f   defined in Debug\library.o
_GPIOE                              00005014   defined in Debug\library.o
_GPIOF                              00005019   defined in Debug\library.o
_GPIOG                              0000501e   defined in Debug\library.o
_GPIOH                              00005023   defined in Debug\library.o
_GPIOI                              00005028   defined in Debug\library.o
_I2C                                00005210   defined in Debug\library.o
_ITC                                00007f70   defined in Debug\library.o
_IWDG                               000050e0   defined in Debug\library.o
_LINUART                            00005240   defined in Debug\library.o
_NodeState                          00000139   defined in Debug\main.o section .bss
                                               used in Debug\stm8_can.o
_OPT                                00005067   defined in Debug\library.o
_PowerState                         00000104   defined in Debug\main.o section .bss
_RST                                000050b3   defined in Debug\library.o
_SPI                                00005200   defined in Debug\library.o
_SWIM                               00007f80   defined in Debug\library.o
_TIM1                               00005250   defined in Debug\library.o
_TIM2                               00005300   defined in Debug\library.o
_TIM3                               00005320   defined in Debug\library.o
_TIM4                               00005340   defined in Debug\library.o
_USART                              00005230   defined in Debug\library.o
_WWDG                               000050d1   defined in Debug\library.o
__endmem                            00000bff   defined in command file
                                               *** not used ***
__endzp                             0000000a   defined in command file section .ubsct
                                               used in D:\Program Files\COSMIC\CXSTM8\Lib\crtsi.sm8
__fctcpy                            ********   *** removed from Debug\fctcpy.o ***
__idesc__                           000080cd   defined in linker section .init
                                               used in D:\Program Files\COSMIC\CXSTM8\Lib\crtsi.sm8
                                                       Debug\fctcpy.o
__memory                            00000142   defined in command file section .bss
                                               used in D:\Program Files\COSMIC\CXSTM8\Lib\crtsi.sm8
__stack                             00000fff   defined in command file
                                               used in D:\Program Files\COSMIC\CXSTM8\Lib\crtsi.sm8
__startmem                          00000142   defined in command file section .iapcode
                                               *** not used ***
__stext                             000080d9   defined in D:\Program Files\COSMIC\CXSTM8\Lib\crtsi.sm8 section .text
                                               used in Debug\stm8_interrupt_vector.o
__vectab                            00008000   defined in Debug\stm8_interrupt_vector.o section .const
_can_msg_id16                       00000116   defined in Debug\main.o section .bss
_can_msg_id32                       00000112   defined in Debug\main.o section .bss
                                               used in Debug\stm8_can.o
_debug_adc                          0000013e   defined in Debug\main.o section .bss
                                               used in Debug\stm8_adc.o
c_lreg                              00000006   defined in (D:\Program Files\COSMIC\CXSTM8\Lib\libm.sm8)lreg.o section .ubsct
                                               used in (D:\Program Files\COSMIC\CXSTM8\Lib\libm.sm8)cmulx.o
                                                       (D:\Program Files\COSMIC\CXSTM8\Lib\libm.sm8)fltor.o
                                                       (D:\Program Files\COSMIC\CXSTM8\Lib\libm.sm8)jltab.o
                                                       (D:\Program Files\COSMIC\CXSTM8\Lib\libm.sm8)lgadd.o
                                                       (D:\Program Files\COSMIC\CXSTM8\Lib\libm.sm8)ltor.o
c_x                                 00000000   defined in (D:\Program Files\COSMIC\CXSTM8\Lib\libm.sm8)xreg.o section .ubsct
                                               used in D:\Program Files\COSMIC\CXSTM8\Lib\crtsi.sm8
                                                       Debug\fctcpy.o
                                                       Debug\stm8_flash.o
                                                       Debug\stm8_it.o
                                                       (D:\Program Files\COSMIC\CXSTM8\Lib\libm.sm8)fltor.o
                                                       (D:\Program Files\COSMIC\CXSTM8\Lib\libm.sm8)jltab.o
c_y                                 00000003   defined in (D:\Program Files\COSMIC\CXSTM8\Lib\libm.sm8)yreg.o section .ubsct
                                               used in D:\Program Files\COSMIC\CXSTM8\Lib\crtsi.sm8
                                                       Debug\stm8_adc.o
                                                       Debug\stm8_it.o
d_jltab                             00008d81   defined in (D:\Program Files\COSMIC\CXSTM8\Lib\libm.sm8)jltab.o section .text
                                               used in Debug\stm8_can.o
d_lgadc                             00008da7   defined in (D:\Program Files\COSMIC\CXSTM8\Lib\libm.sm8)lgadc.o section .text
                                               used in Debug\stm8_can.o
                                                       Debug\stm8_timer.o
d_lglsh                             00008db7   defined in (D:\Program Files\COSMIC\CXSTM8\Lib\libm.sm8)lglsh.o section .text
                                               used in Debug\stm8_can.o
d_ltor                              00008dc5   defined in (D:\Program Files\COSMIC\CXSTM8\Lib\libm.sm8)ltor.o section .text
                                               used in Debug\stm8_can.o
                                                       Debug\stm8_flash.o
f_ADCInit                           000081f3   defined in Debug\stm8_adc.o section .text
                                               *** not used ***
f_ADC_10BIT                         00008242   defined in Debug\stm8_adc.o section .text
                                               *** not used ***
f_ADC_8BIT                          00008204   defined in Debug\stm8_adc.o section .text
f_ADC_IRQHandler                    00008b2b   defined in Debug\stm8_it.o section .text
                                               used in Debug\stm8_interrupt_vector.o
f_AWU_IRQHandler                    00008a18   defined in Debug\stm8_it.o section .text
                                               used in Debug\stm8_interrupt_vector.o
f_BeepInit                          00008392   defined in Debug\stm8_beep.o section .text
                                               used in Debug\main.o
f_BeepManage                        0000839b   defined in Debug\stm8_beep.o section .text
                                               used in Debug\main.o
f_CANGetEmptyMegBox                 000088b5   defined in Debug\stm8_can.o section .text
                                               *** not used ***
f_CAN_RX_IRQHandler                 00008a1f   defined in Debug\stm8_it.o section .text
                                               used in Debug\stm8_interrupt_vector.o
f_CAN_TX_IRQHandler                 00008a3c   defined in Debug\stm8_it.o section .text
                                               used in Debug\stm8_interrupt_vector.o
f_CLK_IRQHandler                    00008a19   defined in Debug\stm8_it.o section .text
                                               used in Debug\stm8_interrupt_vector.o
f_CanFlagAnalyse                    000088a3   defined in Debug\stm8_can.o section .text
f_CanIllumLevel                     000087ed   defined in Debug\stm8_can.o section .text
f_CanInit                           0000847c   defined in Debug\stm8_can.o section .text
f_CanInterruptDisable               000086b5   defined in Debug\stm8_can.o section .text
                                               *** not used ***
f_CanInterruptRestore               000086cc   defined in Debug\stm8_can.o section .text
f_CanMsgTransmit                    0000861e   defined in Debug\stm8_can.o section .text
f_CanSleep                          000085f3   defined in Debug\stm8_can.o section .text
f_CanWakeUp                         0000860b   defined in Debug\stm8_can.o section .text
f_Can_Main                          000088e4   defined in Debug\stm8_can.o section .text
                                               used in Debug\main.o
f_Can_Store_Rcvd_Msg                000086e3   defined in Debug\stm8_can.o section .text
f_Can_Wakeup_Enable                 000085dc   defined in Debug\stm8_can.o section .text
f_Delay                             00008125   defined in Debug\library.o section .text
                                               used in Debug\main.o
                                                       Debug\stm8_adc.o
f_EEPROM_EEC_IRQHandler             00008b78   defined in Debug\stm8_it.o section .text
                                               used in Debug\stm8_interrupt_vector.o
f_EXTI_PORTA_IRQHandler             00008a1a   defined in Debug\stm8_it.o section .text
                                               used in Debug\stm8_interrupt_vector.o
f_EXTI_PORTB_IRQHandler             00008a1b   defined in Debug\stm8_it.o section .text
                                               used in Debug\stm8_interrupt_vector.o
f_EXTI_PORTC_IRQHandler             00008a1c   defined in Debug\stm8_it.o section .text
                                               used in Debug\stm8_interrupt_vector.o
f_EXTI_PORTD_IRQHandler             00008a1d   defined in Debug\stm8_it.o section .text
                                               used in Debug\stm8_interrupt_vector.o
f_EXTI_PORTE_IRQHandler             00008a1e   defined in Debug\stm8_it.o section .text
                                               used in Debug\stm8_interrupt_vector.o
f_EepromLoad                        ********   *** removed from Debug\stm8_flash.o ***
f_EepromSave                        ********   *** removed from Debug\stm8_flash.o ***
f_EepromUnlock                      ********   *** removed from Debug\stm8_flash.o ***
f_FlashEraseBlock                   ********   *** removed from Debug\stm8_flash.o ***
f_FlashEraseByte                    ********   *** removed from Debug\stm8_flash.o ***
f_FlashLock                         ********   *** removed from Debug\stm8_flash.o ***
f_FlashProgramBlock                 ********   *** removed from Debug\stm8_flash.o ***
f_FlashReadByte                     ********   *** removed from Debug\stm8_flash.o ***
f_FlashReadWord                     ********   *** removed from Debug\stm8_flash.o ***
f_FlashSetProgrammingTime           ********   *** removed from Debug\stm8_flash.o ***
f_FlashUnlock                       ********   *** removed from Debug\stm8_flash.o ***
f_FlashWaitForEepromOperation       ********   *** removed from Debug\stm8_flash.o ***
f_FlashWaitForLastOperation         ********   *** removed from Debug\stm8_flash.o ***
f_FlashWriteByte                    ********   *** removed from Debug\stm8_flash.o ***
f_FlashWriteWord                    ********   *** removed from Debug\stm8_flash.o ***
f_GPIOInit                          00008985   defined in Debug\stm8_gpio.o section .text
                                               used in Debug\main.o
f_HardwareInit                      00008198   defined in Debug\main.o section .text
f_I2C_IRQHandler                    00008b28   defined in Debug\stm8_it.o section .text
                                               used in Debug\stm8_interrupt_vector.o
f_ISR_Can_Rx                        000087b5   defined in Debug\stm8_can.o section .text
                                               used in Debug\stm8_it.o
f_ISR_Can_Tx                        0000878a   defined in Debug\stm8_can.o section .text
                                               used in Debug\stm8_it.o
f_ISR_TIM4_UPD_OVF                  00008c62   defined in Debug\stm8_timer.o section .text
                                               used in Debug\stm8_it.o
f_IapProc                           ********   *** removed from Debug\stm8_flash.o ***
f_InterruptInit                     00008160   defined in Debug\main.o section .text
f_Key_Scan_AD                       00008294   defined in Debug\stm8_adc.o section .text
                                               used in Debug\main.o
f_LINUART_RX_IRQHandler             00008b2a   defined in Debug\stm8_it.o section .text
                                               used in Debug\stm8_interrupt_vector.o
f_LINUART_TX_IRQHandler             00008b29   defined in Debug\stm8_it.o section .text
                                               used in Debug\stm8_interrupt_vector.o
f_NonHandledInterrupt               00008dd7   defined in Debug\stm8_interrupt_vector.o section .text
f_SPI_IRQHandler                    00008a59   defined in Debug\stm8_it.o section .text
                                               used in Debug\stm8_interrupt_vector.o
f_SendToCan                         000088df   defined in Debug\stm8_can.o section .text
f_SysClkInit                        0000813d   defined in Debug\main.o section .text
f_TIM1Init                          00008b79   defined in Debug\stm8_timer.o section .text
                                               *** not used ***
f_TIM1_CAP_COM_IRQHandler           00008a67   defined in Debug\stm8_it.o section .text
                                               used in Debug\stm8_interrupt_vector.o
f_TIM1_UPD_OVF_TRG_BRK_IRQHandler   00008a5a   defined in Debug\stm8_it.o section .text
                                               used in Debug\stm8_interrupt_vector.o
f_TIM2Init                          00008bf2   defined in Debug\stm8_timer.o section .text
                                               *** not used ***
f_TIM2_CAP_COM_IRQHandler           00008a90   defined in Debug\stm8_it.o section .text
                                               used in Debug\stm8_interrupt_vector.o
f_TIM2_UPD_OVF_BRK_IRQHandler       00008a73   defined in Debug\stm8_it.o section .text
                                               used in Debug\stm8_interrupt_vector.o
f_TIM3Init                          00008c23   defined in Debug\stm8_timer.o section .text
                                               *** not used ***
f_TIM3_CAP_COM_IRQHandler           00008b25   defined in Debug\stm8_it.o section .text
                                               used in Debug\stm8_interrupt_vector.o
f_TIM3_UPD_OVF_BRK_IRQHandler       00008b20   defined in Debug\stm8_it.o section .text
                                               used in Debug\stm8_interrupt_vector.o
f_TIM4Init                          00008c40   defined in Debug\stm8_timer.o section .text
f_TIM4_UPD_OVF_IRQHandler           00008b5b   defined in Debug\stm8_it.o section .text
                                               used in Debug\stm8_interrupt_vector.o
f_TLI_IRQHandler                    00008a17   defined in Debug\stm8_it.o section .text
                                               used in Debug\stm8_interrupt_vector.o
f_TRAP_IRQHandler                   00008a16   defined in Debug\stm8_it.o section .text
                                               used in Debug\stm8_interrupt_vector.o
f_TimerInit                         00008c5d   defined in Debug\stm8_timer.o section .text
                                               used in Debug\main.o
f_USART_RX_IRQHandler               00008b27   defined in Debug\stm8_it.o section .text
                                               used in Debug\stm8_interrupt_vector.o
f_USART_TX_IRQHandler               00008b26   defined in Debug\stm8_it.o section .text
                                               used in Debug\stm8_interrupt_vector.o
f_VariableInit                      0000818b   defined in Debug\main.o section .text
f_exit                              00008123   defined in D:\Program Files\COSMIC\CXSTM8\Lib\crtsi.sm8 section .text
f_main                              000081b0   defined in Debug\main.o section .text
                                               used in D:\Program Files\COSMIC\CXSTM8\Lib\crtsi.sm8
